// Jest Snapshot v1, https://goo.gl/fbAQLP

exports[`App Component test Snapshot App renderes Correctly 1`] = `
<div>
  <div
    className="fixed bottom-0 sm:top-0 sm:left-0 flex sm:flex-col h-16 w-screen sm:h-screen sm:w-16 justify-around items-center xl:justify-start bg-gray-900 shadow-lg "
  >
    <a
      href="/"
      onClick={[Function]}
    >
      <div
        className="sidebar-icon group"
      >
        <svg
          fill="currentColor"
          height="1em"
          stroke="currentColor"
          strokeWidth="0"
          style={
            Object {
              "color": undefined,
            }
          }
          viewBox="0 0 576 512"
          width="1em"
          xmlns="http://www.w3.org/2000/svg"
        >
          <path
            d="M280.37 148.26L96 300.11V464a16 16 0 0 0 16 16l112.06-.29a16 16 0 0 0 15.92-16V368a16 16 0 0 1 16-16h64a16 16 0 0 1 16 16v95.64a16 16 0 0 0 16 16.05L464 480a16 16 0 0 0 16-16V300L295.67 148.26a12.19 12.19 0 0 0-15.3 0zM571.6 251.47L488 182.56V44.05a12 12 0 0 0-12-12h-56a12 12 0 0 0-12 12v72.61L318.47 43a48 48 0 0 0-61 0L4.34 251.47a12 12 0 0 0-1.6 16.9l25.5 31A12 12 0 0 0 45.15 301l235.22-193.74a12.19 12.19 0 0 1 15.3 0L530.9 301a12 12 0 0 0 16.9-1.6l25.5-31a12 12 0 0 0-1.7-16.93z"
          />
        </svg>
        <span
          className="sidebar-tooltip group-hover:scale-100 hidden xl:inline"
        >
          Home ðŸ’¡
        </span>
      </div>
    </a>
    <a
      href="/favorite"
      onClick={[Function]}
    >
      <div
        className="sidebar-icon group"
      >
        <svg
          fill="currentColor"
          height="1em"
          stroke="currentColor"
          strokeWidth="0"
          style={
            Object {
              "color": undefined,
            }
          }
          viewBox="0 0 512 512"
          width="1em"
          xmlns="http://www.w3.org/2000/svg"
        >
          <path
            d="M504 256c0 136.967-111.033 248-248 248S8 392.967 8 256 119.033 8 256 8s248 111.033 248 248zm-141.651-35.33c4.937-32.999-20.191-50.739-54.55-62.573l11.146-44.702-27.213-6.781-10.851 43.524c-7.154-1.783-14.502-3.464-21.803-5.13l10.929-43.81-27.198-6.781-11.153 44.686c-5.922-1.349-11.735-2.682-17.377-4.084l.031-.14-37.53-9.37-7.239 29.062s20.191 4.627 19.765 4.913c11.022 2.751 13.014 10.044 12.68 15.825l-12.696 50.925c.76.194 1.744.473 2.829.907-.907-.225-1.876-.473-2.876-.713l-17.796 71.338c-1.349 3.348-4.767 8.37-12.471 6.464.271.395-19.78-4.937-19.78-4.937l-13.51 31.147 35.414 8.827c6.588 1.651 13.045 3.379 19.4 5.006l-11.262 45.213 27.182 6.781 11.153-44.733a1038.209 1038.209 0 0 0 21.687 5.627l-11.115 44.523 27.213 6.781 11.262-45.128c46.404 8.781 81.299 5.239 95.986-36.727 11.836-33.79-.589-53.281-25.004-65.991 17.78-4.098 31.174-15.792 34.747-39.949zm-62.177 87.179c-8.41 33.79-65.308 15.523-83.755 10.943l14.944-59.899c18.446 4.603 77.6 13.717 68.811 48.956zm8.417-87.667c-7.673 30.736-55.031 15.12-70.393 11.292l13.548-54.327c15.363 3.828 64.836 10.973 56.845 43.035z"
          />
        </svg>
        <span
          className="sidebar-tooltip group-hover:scale-100 hidden xl:inline"
        >
          Crypto Curenccy ðŸ’¡
        </span>
      </div>
    </a>
    <a
      href="/favorite"
      onClick={[Function]}
    >
      <div
        className="sidebar-icon group"
      >
        <svg
          fill="currentColor"
          height="1em"
          stroke="currentColor"
          strokeWidth="0"
          style={
            Object {
              "color": undefined,
            }
          }
          viewBox="0 0 512 512"
          width="1em"
          xmlns="http://www.w3.org/2000/svg"
        >
          <path
            d="M462.3 62.6C407.5 15.9 326 24.3 275.7 76.2L256 96.5l-19.7-20.3C186.1 24.3 104.5 15.9 49.7 62.6c-62.8 53.6-66.1 149.8-9.9 207.9l193.5 199.8c12.5 12.9 32.8 12.9 45.3 0l193.5-199.8c56.3-58.1 53-154.3-9.8-207.9z"
          />
        </svg>
        <span
          className="sidebar-tooltip group-hover:scale-100 hidden xl:inline"
        >
          Favorite ðŸ’¡
        </span>
      </div>
    </a>
    <a
      href="/exchange"
      onClick={[Function]}
    >
      <div
        className="sidebar-icon group"
      >
        <svg
          fill="currentColor"
          height="1em"
          stroke="currentColor"
          strokeWidth="0"
          style={
            Object {
              "color": undefined,
            }
          }
          viewBox="0 0 16 16"
          width="1em"
          xmlns="http://www.w3.org/2000/svg"
        >
          <path
            d="M0 5a5.002 5.002 0 0 0 4.027 4.905 6.46 6.46 0 0 1 .544-2.073C3.695 7.536 3.132 6.864 3 5.91h-.5v-.426h.466V5.05c0-.046 0-.093.004-.135H2.5v-.427h.511C3.236 3.24 4.213 2.5 5.681 2.5c.316 0 .59.031.819.085v.733a3.46 3.46 0 0 0-.815-.082c-.919 0-1.538.466-1.734 1.252h1.917v.427h-1.98c-.003.046-.003.097-.003.147v.422h1.983v.427H3.93c.118.602.468 1.03 1.005 1.229a6.5 6.5 0 0 1 4.97-3.113A5.002 5.002 0 0 0 0 5zm16 5.5a5.5 5.5 0 1 1-11 0 5.5 5.5 0 0 1 11 0zm-7.75 1.322c.069.835.746 1.485 1.964 1.562V14h.54v-.62c1.259-.086 1.996-.74 1.996-1.69 0-.865-.563-1.31-1.57-1.54l-.426-.1V8.374c.54.06.884.347.966.745h.948c-.07-.804-.779-1.433-1.914-1.502V7h-.54v.629c-1.076.103-1.808.732-1.808 1.622 0 .787.544 1.288 1.45 1.493l.358.085v1.78c-.554-.08-.92-.376-1.003-.787H8.25zm1.96-1.895c-.532-.12-.82-.364-.82-.732 0-.41.311-.719.824-.809v1.54h-.005zm.622 1.044c.645.145.943.38.943.796 0 .474-.37.8-1.02.86v-1.674l.077.018z"
          />
        </svg>
        <span
          className="sidebar-tooltip group-hover:scale-100 hidden xl:inline"
        >
          Exchange ðŸ’¡
        </span>
      </div>
    </a>
    <a
      href="/exchange"
      onClick={[Function]}
    >
      <div
        className="sidebar-icon group"
      >
        <svg
          fill="currentColor"
          height="1em"
          stroke="currentColor"
          strokeWidth="0"
          style={
            Object {
              "color": undefined,
            }
          }
          viewBox="0 0 1024 1024"
          width="1em"
          xmlns="http://www.w3.org/2000/svg"
        >
          <path
            d="M859.3 569.7l.2.1c3.1-18.9 4.6-38.2 4.6-57.3 0-17.1-1.3-34.3-3.7-51.1 2.4 16.7 3.6 33.6 3.6 50.5 0 19.4-1.6 38.8-4.7 57.8zM99 398.1c-.5-.4-.9-.8-1.4-1.3.7.7 1.4 1.4 2.2 2.1l65.5 55.9v-.1L99 398.1zm536.6-216h.1l-15.5-83.8c-.2-1-.4-1.9-.7-2.8.1.5.3 1.1.4 1.6l15.7 85zm54 546.5l31.4-25.8 92.8 32.9c17-22.9 31.3-47.5 42.6-73.6l-74.7-63.9 6.6-40.1c2.5-15.1 3.8-30.6 3.8-46.1s-1.3-31-3.8-46.1l-6.5-39.9 74.7-63.9c-11.4-26-25.6-50.7-42.6-73.6l-92.8 32.9-31.4-25.8c-23.9-19.6-50.6-35-79.3-45.8l-38.1-14.3-17.9-97a377.5 377.5 0 0 0-85 0l-17.9 97.2-37.9 14.3c-28.5 10.8-55 26.2-78.7 45.7l-31.4 25.9-93.4-33.2c-17 22.9-31.3 47.5-42.6 73.6l75.5 64.5-6.5 40c-2.5 14.9-3.7 30.2-3.7 45.5 0 15.2 1.3 30.6 3.7 45.5l6.5 40-75.5 64.5c11.4 26 25.6 50.7 42.6 73.6l93.4-33.2 31.4 25.9c23.7 19.5 50.2 34.9 78.7 45.7l37.8 14.5 17.9 97.2c28.2 3.2 56.9 3.2 85 0l17.9-97 38.1-14.3c28.8-10.8 55.4-26.2 79.3-45.8zm-177.1-50.3c-30.5 0-59.2-7.8-84.3-21.5C373.3 627 336 568.9 336 502c0-97.2 78.8-176 176-176 66.9 0 125 37.3 154.8 92.2 13.7 25 21.5 53.7 21.5 84.3 0 97.1-78.7 175.8-175.8 175.8zM207.2 812.8c-5.5 1.9-11.2 2.3-16.6 1.2 5.7 1.2 11.7 1 17.5-1l81.4-29c-.1-.1-.3-.2-.4-.3l-81.9 29.1zm717.6-414.7l-65.5 56c0 .2.1.5.1.7l65.4-55.9c7.1-6.1 11.1-14.9 11.2-24-.3 8.8-4.3 17.3-11.2 23.2z"
          />
          <path
            d="M935.8 646.6c.5 4.7 0 9.5-1.7 14.1l-.9 2.6a446.02 446.02 0 0 1-79.7 137.9l-1.8 2.1a32 32 0 0 1-35.1 9.5l-81.3-28.9a350 350 0 0 1-99.7 57.6l-15.7 85a32.05 32.05 0 0 1-25.8 25.7l-2.7.5a445.2 445.2 0 0 1-79.2 7.1h.3c26.7 0 53.4-2.4 79.4-7.1l2.7-.5a32.05 32.05 0 0 0 25.8-25.7l15.7-84.9c36.2-13.6 69.6-32.9 99.6-57.5l81.2 28.9a32 32 0 0 0 35.1-9.5l1.8-2.1c34.8-41.1 61.5-87.4 79.6-137.7l.9-2.6c1.6-4.7 2.1-9.7 1.5-14.5z"
          />
          <path
            d="M688 502c0-30.3-7.7-58.9-21.2-83.8C637 363.3 578.9 326 512 326c-97.2 0-176 78.8-176 176 0 66.9 37.3 125 92.2 154.8 24.9 13.5 53.4 21.2 83.8 21.2 97.2 0 176-78.8 176-176zm-288 0c0-29.9 11.7-58 32.8-79.2C454 401.6 482.1 390 512 390c29.9 0 58 11.6 79.2 32.8A111.6 111.6 0 0 1 624 502c0 29.9-11.7 58-32.8 79.2A111.6 111.6 0 0 1 512 614c-29.9 0-58-11.7-79.2-32.8A111.6 111.6 0 0 1 400 502z"
          />
          <path
            d="M594.1 952.2a32.05 32.05 0 0 0 25.8-25.7l15.7-85a350 350 0 0 0 99.7-57.6l81.3 28.9a32 32 0 0 0 35.1-9.5l1.8-2.1c34.8-41.1 61.6-87.5 79.7-137.9l.9-2.6c1.7-4.6 2.2-9.4 1.7-14.1-.9-7.9-4.7-15.4-11-20.9l-65.3-55.9-.2-.1c3.1-19 4.7-38.4 4.7-57.8 0-16.9-1.2-33.9-3.6-50.5-.3-2.2-.7-4.4-1-6.6 0-.2-.1-.5-.1-.7l65.5-56c6.9-5.9 10.9-14.4 11.2-23.2.1-4-.5-8.1-1.9-12l-.9-2.6a443.74 443.74 0 0 0-79.7-137.9l-1.8-2.1a32.12 32.12 0 0 0-35.1-9.5l-81.3 28.9c-30-24.6-63.4-44-99.6-57.6h-.1l-15.7-85c-.1-.5-.2-1.1-.4-1.6a32.08 32.08 0 0 0-25.4-24.1l-2.7-.5c-52.1-9.4-106.9-9.4-159 0l-2.7.5a32.05 32.05 0 0 0-25.8 25.7l-15.8 85.4a351.86 351.86 0 0 0-99 57.4l-81.9-29.1a32 32 0 0 0-35.1 9.5l-1.8 2.1a446.02 446.02 0 0 0-79.7 137.9l-.9 2.6a32.09 32.09 0 0 0 7.9 33.9c.5.4.9.9 1.4 1.3l66.3 56.6v.1c-3.1 18.8-4.6 37.9-4.6 57 0 19.2 1.5 38.4 4.6 57.1L99 625.5a32.03 32.03 0 0 0-9.3 35.2l.9 2.6c18.1 50.4 44.9 96.9 79.7 137.9l1.8 2.1c4.9 5.7 11.4 9.4 18.5 10.7 5.4 1 11.1.7 16.6-1.2l81.9-29.1c.1.1.3.2.4.3 29.7 24.3 62.8 43.6 98.6 57.1l15.8 85.4a32.05 32.05 0 0 0 25.8 25.7l2.7.5c26.1 4.7 52.8 7.1 79.5 7.1h.3c26.6 0 53.3-2.4 79.2-7.1l2.7-.5zm-39.8-66.5a377.5 377.5 0 0 1-85 0l-17.9-97.2-37.8-14.5c-28.5-10.8-55-26.2-78.7-45.7l-31.4-25.9-93.4 33.2c-17-22.9-31.2-47.6-42.6-73.6l75.5-64.5-6.5-40c-2.4-14.9-3.7-30.3-3.7-45.5 0-15.3 1.2-30.6 3.7-45.5l6.5-40-75.5-64.5c11.3-26.1 25.6-50.7 42.6-73.6l93.4 33.2 31.4-25.9c23.7-19.5 50.2-34.9 78.7-45.7l37.9-14.3 17.9-97.2c28.1-3.2 56.8-3.2 85 0l17.9 97 38.1 14.3c28.7 10.8 55.4 26.2 79.3 45.8l31.4 25.8 92.8-32.9c17 22.9 31.2 47.6 42.6 73.6L781.8 426l6.5 39.9c2.5 15.1 3.8 30.6 3.8 46.1s-1.3 31-3.8 46.1l-6.6 40.1 74.7 63.9a370.03 370.03 0 0 1-42.6 73.6L721 702.8l-31.4 25.8c-23.9 19.6-50.5 35-79.3 45.8l-38.1 14.3-17.9 97z"
          />
        </svg>
        <span
          className="sidebar-tooltip group-hover:scale-100 hidden xl:inline"
        >
          Settings ðŸ’¡
        </span>
      </div>
    </a>
  </div>
  <p>
    loading
  </p>
</div>
`;
